[+0.000s] [48a81] [logger.ixx:113] Initializing VideoSender with config: port=5000, fps=30, 1920x1080
[+0.116s] [48a81] [logger.ixx:113] VideoSender initialized successfully
[+0.116s] [48a81] [logger.ixx:113] Initializing VideoReceiver with config: port=5000, jitter_buffer_size=50
[+0.125s] [48a81] [logger.ixx:113] VideoReceiver initialized successfully
[+0.126s] [48a81] [logger.ixx:113] VideoReceiver started successfully on 0.0.0.0:5000
[+0.126s] [48ab5] [logger.ixx:113] VideoReceiver thread started
[+0.126s] [48a81] [logger.ixx:113] VideoSender started successfully
[+0.126s] [48ab6] [logger.ixx:113] VideoSender thread started
[+3.986s] [48a81] [logger.ixx:113] Stopping VideoSender...
[+4.580s] [48ab6] [logger.ixx:113] VideoSender thread stopped
[+4.582s] [48a81] [logger.ixx:113] VideoSender stopped. Final stats: frames=11, packets=99, bytes=41346, fps=2.47
[+4.583s] [48a81] [logger.ixx:113] Stopping VideoReceiver...
[+4.583s] [48ab5] [logger.ixx:113] VideoReceiver thread stopped
[+4.583s] [48a81] [logger.ixx:113] VideoReceiver stopped. Final stats: frames=0, packets=0, loss=0.00%, fps=0.00
[+0.000s] [48c20] [logger.ixx:113] Initializing VideoSender with config: port=5000, fps=30, 1920x1080
[+0.018s] [48c20] [logger.ixx:113] VideoSender initialized successfully
[+0.018s] [48c20] [logger.ixx:113] Initializing VideoReceiver with config: port=5000, jitter_buffer_size=50
[+0.020s] [48c20] [logger.ixx:113] VideoReceiver initialized successfully
[+0.021s] [48c20] [logger.ixx:113] VideoReceiver started successfully on 0.0.0.0:5000
[+0.021s] [48c49] [logger.ixx:113] VideoReceiver thread started
[+0.022s] [48c20] [logger.ixx:113] VideoSender started successfully
[+0.022s] [48c4a] [logger.ixx:113] VideoSender thread started
[+40.727s] [48c20] [logger.ixx:113] Stopping VideoSender...
[+40.748s] [48c4a] [logger.ixx:113] VideoSender thread stopped
[+40.749s] [48c20] [logger.ixx:113] VideoSender stopped. Final stats: frames=593, packets=5801, bytes=1701208, fps=14.81
[+40.749s] [48c20] [logger.ixx:113] Stopping VideoReceiver...
[+40.749s] [48c49] [logger.ixx:113] VideoReceiver thread stopped
[+40.749s] [48c20] [logger.ixx:113] VideoReceiver stopped. Final stats: frames=0, packets=0, loss=0.00%, fps=0.00
[+0.000s] [4922e] [logger.ixx:113] Initializing VideoSender with config: port=5000, fps=30, 1920x1080
[+0.020s] [4922e] [logger.ixx:113] VideoSender initialized successfully
[+0.020s] [4922e] [logger.ixx:113] Initializing VideoReceiver with config: port=5000, jitter_buffer_size=50
[+0.025s] [4922e] [logger.ixx:113] VideoReceiver initialized successfully
[+0.025s] [4922e] [logger.ixx:113] VideoReceiver started successfully on 0.0.0.0:5000
[+0.025s] [49257] [logger.ixx:113] VideoReceiver thread started
[+0.025s] [4922e] [logger.ixx:113] VideoSender started successfully
[+0.025s] [49258] [logger.ixx:113] VideoSender thread started
[+7.626s] [4922e] [logger.ixx:113] Stopping VideoSender...
[+7.665s] [49258] [logger.ixx:113] VideoSender thread stopped
[+7.665s] [4922e] [logger.ixx:113] VideoSender stopped. Final stats: frames=63, packets=607, bytes=184294, fps=8.25
[+7.665s] [4922e] [logger.ixx:113] Stopping VideoReceiver...
[+7.666s] [49257] [logger.ixx:113] VideoReceiver thread stopped
[+7.666s] [4922e] [logger.ixx:113] VideoReceiver stopped. Final stats: frames=0, packets=0, loss=0.00%, fps=0.00
[+0.000s] [49866] [logger.ixx:113] Initializing VideoSender with config: port=5000, fps=30, 1920x1080
[+0.058s] [49866] [logger.ixx:113] VideoSender initialized successfully
[+0.059s] [49866] [logger.ixx:113] Initializing VideoReceiver with config: port=5000, jitter_buffer_size=50
[+0.060s] [49866] [logger.ixx:113] VideoReceiver initialized successfully
[+0.060s] [49866] [logger.ixx:113] VideoReceiver started successfully on 0.0.0.0:5000
[+0.060s] [4988f] [logger.ixx:113] VideoReceiver thread started
[+0.060s] [49866] [logger.ixx:113] VideoSender started successfully
[+0.060s] [49890] [logger.ixx:113] VideoSender thread started
[+10.164s] [49866] [logger.ixx:113] Stopping VideoSender...
[+10.192s] [49890] [logger.ixx:113] VideoSender thread stopped
[+10.192s] [49866] [logger.ixx:113] VideoSender stopped. Final stats: frames=96, packets=925, bytes=270683, fps=10.22
[+10.192s] [49866] [logger.ixx:113] Stopping VideoReceiver...
[+10.193s] [4988f] [logger.ixx:113] VideoReceiver thread stopped
[+10.193s] [49866] [logger.ixx:113] VideoReceiver stopped. Final stats: frames=0, packets=0, loss=0.00%, fps=0.00
[+0.000s] [49a33] [logger.ixx:113] Initializing VideoSender with config: port=5000, fps=30, 1920x1080
[+0.012s] [49a33] [logger.ixx:113] VideoSender initialized successfully
[+0.013s] [49a33] [logger.ixx:113] Initializing VideoReceiver with config: port=5000, jitter_buffer_size=50
[+0.013s] [49a33] [logger.ixx:113] VideoReceiver initialized successfully
[+0.016s] [49a33] [logger.ixx:113] VideoReceiver started successfully on 0.0.0.0:5000
[+0.016s] [49a56] [logger.ixx:113] VideoReceiver thread started
[+0.028s] [49a33] [logger.ixx:113] VideoSender started successfully
[+0.028s] [49a57] [logger.ixx:113] VideoSender thread started
[+8.291s] [49a33] [logger.ixx:113] Stopping VideoSender...
[+8.298s] [49a57] [logger.ixx:113] VideoSender thread stopped
[+8.300s] [49a33] [logger.ixx:113] VideoSender stopped. Final stats: frames=78, packets=745, bytes=213791, fps=10.44
[+8.300s] [49a33] [logger.ixx:113] Stopping VideoReceiver...
[+8.301s] [49a56] [logger.ixx:113] VideoReceiver thread stopped
[+8.301s] [49a33] [logger.ixx:113] VideoReceiver stopped. Final stats: frames=0, packets=0, loss=0.00%, fps=0.00
[+0.000s] [49abf] [logger.ixx:113] Initializing VideoReceiver with config: port=5000, jitter_buffer_size=50
[+0.000s] [49abf] [logger.ixx:113] VideoReceiver initialized successfully
[+0.000s] [49abf] [logger.ixx:113] VideoReceiver started successfully on 0.0.0.0:5000
[+0.001s] [49acf] [logger.ixx:113] VideoReceiver thread started
[+3.805s] [49abf] [logger.ixx:113] Stopping VideoReceiver...
[+3.806s] [49acf] [logger.ixx:113] VideoReceiver thread stopped
[+3.968s] [49abf] [logger.ixx:113] VideoReceiver stopped. Final stats: frames=0, packets=0, loss=0.00%, fps=0.00
[+0.000s] [49ad0] [logger.ixx:113] Initializing VideoSender with config: port=5000, fps=30, 1920x1080
[+0.013s] [49ad0] [logger.ixx:113] VideoSender initialized successfully
[+0.014s] [49ad0] [logger.ixx:113] VideoSender started successfully
[+0.014s] [49ae8] [logger.ixx:113] VideoSender thread started
[+4.015s] [49ad0] [logger.ixx:113] Stopping VideoSender...
[+4.049s] [49ae8] [logger.ixx:113] VideoSender thread stopped
[+4.089s] [49ad0] [logger.ixx:113] VideoSender stopped. Final stats: frames=59, packets=557, bytes=156724, fps=14.62
[+0.000s] [49b4d] [logger.ixx:113] Initializing VideoSender with config: port=5000, fps=30, 1920x1080
[+0.026s] [49b4d] [logger.ixx:113] VideoSender initialized successfully
[+0.026s] [49b4d] [logger.ixx:113] Initializing VideoReceiver with config: port=5000, jitter_buffer_size=50
[+0.029s] [49b4d] [logger.ixx:113] VideoReceiver initialized successfully
[+0.034s] [49b4d] [logger.ixx:113] VideoReceiver started successfully on 0.0.0.0:5000
[+0.034s] [49b70] [logger.ixx:113] VideoReceiver thread started
[+0.034s] [49b4d] [logger.ixx:113] VideoSender started successfully
[+0.034s] [49b71] [logger.ixx:113] VideoSender thread started
[+5.179s] [49b4d] [logger.ixx:113] Stopping VideoSender...
[+5.227s] [49b71] [logger.ixx:113] VideoSender thread stopped
[+5.227s] [49b4d] [logger.ixx:113] VideoSender stopped. Final stats: frames=45, packets=427, bytes=127402, fps=10.14
[+5.227s] [49b4d] [logger.ixx:113] Stopping VideoReceiver...
[+5.227s] [49b70] [logger.ixx:113] VideoReceiver thread stopped
[+5.228s] [49b4d] [logger.ixx:113] VideoReceiver stopped. Final stats: frames=0, packets=0, loss=0.00%, fps=0.00
[+0.000s] [4a2a4] [logger.ixx:113] Initializing VideoSender with config: port=5000, fps=30, 1920x1080
[+0.041s] [4a2a4] [logger.ixx:113] VideoSender initialized successfully
[+0.041s] [4a2a4] [logger.ixx:113] Initializing VideoReceiver with config: port=5000, jitter_buffer_size=50
[+0.043s] [4a2a4] [logger.ixx:113] VideoReceiver initialized successfully
[+0.045s] [4a2a4] [logger.ixx:113] VideoReceiver started successfully on 0.0.0.0:5000
[+0.045s] [4a2c7] [logger.ixx:113] VideoReceiver thread started
[+0.045s] [4a2a4] [logger.ixx:113] VideoSender started successfully
[+0.045s] [4a2c8] [logger.ixx:113] VideoSender thread started
[+15.265s] [4a2a4] [logger.ixx:113] Stopping VideoSender...
[+15.282s] [4a2c8] [logger.ixx:113] VideoSender thread stopped
[+15.283s] [4a2a4] [logger.ixx:113] VideoSender stopped. Final stats: frames=27, packets=229, bytes=67011, fps=1.77
[+15.283s] [4a2a4] [logger.ixx:113] Stopping VideoReceiver...
[+15.283s] [4a2c7] [logger.ixx:113] VideoReceiver thread stopped
[+15.284s] [4a2a4] [logger.ixx:113] VideoReceiver stopped. Final stats: frames=0, packets=0, loss=0.00%, fps=0.00
[+0.000s] [4a3ca] [logger.ixx:113] Initializing VideoSender with config: port=5000, fps=30, 1920x1080
[+0.026s] [4a3ca] [logger.ixx:113] VideoSender initialized successfully
[+0.027s] [4a3ca] [logger.ixx:113] Initializing VideoReceiver with config: port=5000, jitter_buffer_size=50
[+0.028s] [4a3ca] [logger.ixx:113] VideoReceiver initialized successfully
[+0.029s] [4a3ca] [logger.ixx:113] VideoReceiver started successfully on 0.0.0.0:5000
[+0.030s] [4a3ed] [logger.ixx:113] VideoReceiver thread started
[+0.030s] [4a3ca] [logger.ixx:113] VideoSender started successfully
[+0.030s] [4a3ee] [logger.ixx:113] VideoSender thread started
[+5.560s] [4a3ca] [logger.ixx:113] Stopping VideoSender...
[+5.818s] [4a3ee] [logger.ixx:113] VideoSender thread stopped
[+5.818s] [4a3ca] [logger.ixx:113] VideoSender stopped. Final stats: frames=10, packets=83, bytes=23475, fps=1.73
[+5.819s] [4a3ca] [logger.ixx:113] Stopping VideoReceiver...
[+5.820s] [4a3ed] [logger.ixx:113] VideoReceiver thread stopped
[+5.820s] [4a3ca] [logger.ixx:113] VideoReceiver stopped. Final stats: frames=0, packets=0, loss=0.00%, fps=0.00
[+0.000s] [4c96e] [logger.ixx:113] Initializing VideoSender with config: port=5000, fps=30, 1920x1080
[+0.088s] [4c96e] [logger.ixx:113] VideoSender initialized successfully
[+0.089s] [4c96e] [logger.ixx:113] Initializing VideoReceiver with config: port=5000, jitter_buffer_size=50
[+0.097s] [4c96e] [logger.ixx:113] VideoReceiver initialized successfully
[+0.099s] [4c96e] [logger.ixx:113] VideoReceiver started successfully on 0.0.0.0:5000
[+0.099s] [4c9a2] [logger.ixx:113] VideoReceiver thread started
[+0.100s] [4c96e] [logger.ixx:113] VideoSender started successfully
[+0.100s] [4c9a3] [logger.ixx:113] VideoSender thread started
[+7.833s] [4c96e] [logger.ixx:113] Stopping VideoSender...
[+7.888s] [4c9a3] [logger.ixx:113] VideoSender thread stopped
[+7.888s] [4c96e] [logger.ixx:113] VideoSender stopped. Final stats: frames=61, packets=591, bytes=183944, fps=9.03
[+7.888s] [4c96e] [logger.ixx:113] Stopping VideoReceiver...
[+7.888s] [4c9a2] [logger.ixx:113] VideoReceiver thread stopped
[+7.888s] [4c96e] [logger.ixx:113] VideoReceiver stopped. Final stats: frames=0, packets=0, loss=0.00%, fps=0.00
[+0.000s] [4cf82] [logger.ixx:113] Initializing VideoSender with config: port=5000, fps=30, 1920x1080
[+0.021s] [4cf82] [logger.ixx:113] VideoSender initialized successfully
[+0.021s] [4cf82] [logger.ixx:113] Initializing VideoReceiver with config: port=5000, jitter_buffer_size=50
[+0.021s] [4cf82] [logger.ixx:113] VideoReceiver initialized successfully
[+0.022s] [4cf82] [logger.ixx:113] VideoReceiver started successfully on 0.0.0.0:5000
[+0.022s] [4cfa5] [logger.ixx:113] VideoReceiver thread started
[+0.023s] [4cf82] [logger.ixx:113] VideoSender started successfully
[+0.023s] [4cfa6] [logger.ixx:113] VideoSender thread started
[+0.291s] [4cfa5] [logger.ixx:118] Error sending packet to decoder: -1094995529
[+0.293s] [4cfa5] [logger.ixx:118] Error sending packet to decoder: -1094995529
[+0.000s] [4d070] [logger.ixx:113] Initializing VideoSender with config: port=5000, fps=30, 1920x1080
[+0.013s] [4d070] [logger.ixx:113] VideoSender initialized successfully
[+0.013s] [4d070] [logger.ixx:113] Initializing VideoReceiver with config: port=5000, jitter_buffer_size=50
[+0.016s] [4d070] [logger.ixx:113] VideoReceiver initialized successfully
[+0.016s] [4d070] [logger.ixx:113] VideoReceiver started successfully on 0.0.0.0:5000
[+0.016s] [4d093] [logger.ixx:113] VideoReceiver thread started
[+0.018s] [4d070] [logger.ixx:113] VideoSender started successfully
[+0.018s] [4d094] [logger.ixx:113] VideoSender thread started
[+0.177s] [4d093] [logger.ixx:118] Error sending packet to decoder: -1094995529
[+0.178s] [4d093] [logger.ixx:118] Error sending packet to decoder: -1094995529
[+0.179s] [4d093] [logger.ixx:118] Error sending packet to decoder: -1094995529
[+3.244s] [4d093] [logger.ixx:118] Error sending packet to decoder: -1094995529
[+3.244s] [4d093] [logger.ixx:118] Error sending packet to decoder: -1094995529
[+4.705s] [4d093] [logger.ixx:118] Error sending packet to decoder: -1094995529
[+4.705s] [4d093] [logger.ixx:118] Error sending packet to decoder: -1094995529
[+5.962s] [4d093] [logger.ixx:118] Error sending packet to decoder: -1094995529
[+5.962s] [4d093] [logger.ixx:118] Error sending packet to decoder: -1094995529
[+7.282s] [4d093] [logger.ixx:118] Error sending packet to decoder: -1094995529
[+7.282s] [4d093] [logger.ixx:118] Error sending packet to decoder: -1094995529
[+8.565s] [4d093] [logger.ixx:118] Error sending packet to decoder: -1094995529
[+8.568s] [4d093] [logger.ixx:118] Error sending packet to decoder: -1094995529
[+8.718s] [4d070] [logger.ixx:113] Stopping VideoSender...
[+8.757s] [4d094] [logger.ixx:113] VideoSender thread stopped
[+8.758s] [4d070] [logger.ixx:113] VideoSender stopped. Final stats: frames=60, packets=565, bytes=156899, fps=7.76
[+8.758s] [4d070] [logger.ixx:113] Stopping VideoReceiver...
[+8.762s] [4d093] [logger.ixx:113] VideoReceiver thread stopped
[+8.762s] [4d070] [logger.ixx:113] VideoReceiver stopped. Final stats: frames=112, packets=502, loss=0.00%, fps=14.85
[+0.000s] [4d5a9] [logger.ixx:113] Initializing VideoReceiver with config: port=5000, jitter_buffer_size=50
[+0.001s] [4d5a9] [logger.ixx:113] VideoReceiver initialized successfully
[+0.001s] [4d5a9] [logger.ixx:113] VideoReceiver started successfully on 0.0.0.0:5000
[+0.001s] [4d5ac] [logger.ixx:113] VideoReceiver thread started
[+12.720s] [4d5a9] [logger.ixx:113] Stopping VideoReceiver...
[+12.721s] [4d5ac] [logger.ixx:113] VideoReceiver thread stopped
[+12.727s] [4d5a9] [logger.ixx:113] VideoReceiver stopped. Final stats: frames=0, packets=0, loss=0.00%, fps=0.00
[+0.000s] [4d5b9] [logger.ixx:113] Initializing VideoSender with config: port=5000, fps=30, 1920x1080
[+0.010s] [4d5b9] [logger.ixx:113] VideoSender initialized successfully
[+0.011s] [4d5b9] [logger.ixx:113] VideoSender started successfully
[+0.011s] [4d5cb] [logger.ixx:113] VideoSender thread started
[+12.012s] [4d5b9] [logger.ixx:113] Stopping VideoSender...
[+13.198s] [4d5cb] [logger.ixx:113] VideoSender thread stopped
[+13.202s] [4d5b9] [logger.ixx:113] VideoSender stopped. Final stats: frames=25, packets=217, bytes=68583, fps=2.05
[+0.000s] [4d79e] [logger.ixx:113] Initializing VideoReceiver with config: port=5000, jitter_buffer_size=50
[+0.000s] [4d79e] [logger.ixx:113] VideoReceiver initialized successfully
[+0.000s] [4d79e] [logger.ixx:113] VideoReceiver started successfully on 0.0.0.0:5000
[+0.000s] [4d7a0] [logger.ixx:113] VideoReceiver thread started
[+3.004s] [4d79e] [logger.ixx:113] Stopping VideoReceiver...
[+3.006s] [4d7a0] [logger.ixx:113] VideoReceiver thread stopped
[+3.011s] [4d79e] [logger.ixx:113] VideoReceiver stopped. Final stats: frames=0, packets=0, loss=0.00%, fps=0.00
[+0.000s] [4df66] [logger.ixx:113] Initializing VideoReceiver with config: port=5000, jitter_buffer_size=50
[+0.000s] [4df66] [logger.ixx:113] VideoReceiver initialized successfully
[+0.001s] [4df66] [logger.ixx:113] VideoReceiver started successfully on 0.0.0.0:5000
[+0.001s] [4df69] [logger.ixx:113] VideoReceiver thread started
[+1.178s] [4df69] [logger.ixx:118] Error sending packet to decoder: -1094995529
[+1.205s] [4df69] [logger.ixx:118] Error sending packet to decoder: -1094995529
[+1.252s] [4df69] [logger.ixx:118] Error sending packet to decoder: -1094995529
[+4.914s] [4df66] [logger.ixx:113] Stopping VideoReceiver...
[+4.914s] [4df69] [logger.ixx:113] VideoReceiver thread stopped
[+4.915s] [4df66] [logger.ixx:113] VideoReceiver stopped. Final stats: frames=40, packets=62, loss=0.00%, fps=10.05
[+0.000s] [4df7d] [logger.ixx:113] Initializing VideoSender with config: port=5000, fps=30, 1920x1080
[+0.007s] [4df7d] [logger.ixx:113] VideoSender initialized successfully
[+0.008s] [4df7d] [logger.ixx:113] VideoSender started successfully
[+0.008s] [4df8f] [logger.ixx:113] VideoSender thread started
[+3.913s] [4df7d] [logger.ixx:113] Stopping VideoSender...
[+4.090s] [4df8f] [logger.ixx:113] VideoSender thread stopped
[+4.090s] [4df7d] [logger.ixx:113] VideoSender stopped. Final stats: frames=8, packets=65, bytes=22995, fps=1.96
[+0.000s] [4e4a8] [logger.ixx:113] Initializing VideoSender with config: port=5000, fps=30, 1920x1080
[+0.012s] [4e4a8] [logger.ixx:113] VideoSender initialized successfully
[+0.012s] [4e4a8] [logger.ixx:113] Initializing VideoReceiver with config: port=5000, jitter_buffer_size=50
[+0.015s] [4e4a8] [logger.ixx:113] VideoReceiver initialized successfully
[+0.015s] [4e4a8] [logger.ixx:113] VideoReceiver started successfully on 0.0.0.0:5000
[+0.015s] [4e4cb] [logger.ixx:113] VideoReceiver thread started
[+0.015s] [4e4cc] [logger.ixx:113] VideoSender thread started
[+0.015s] [4e4a8] [logger.ixx:113] VideoSender started successfully
[+0.172s] [4e4cb] [logger.ixx:118] Error sending packet to decoder: -1094995529
[+0.210s] [4e4cb] [logger.ixx:118] Error sending packet to decoder: -1094995529
[+0.275s] [4e4cb] [logger.ixx:118] Error sending packet to decoder: -1094995529
[+0.000s] [4e975] [logger.ixx:113] Initializing VideoSender with config: port=5000, fps=30, 1920x1080
[+0.024s] [4e975] [logger.ixx:113] VideoSender initialized successfully
[+0.024s] [4e975] [logger.ixx:113] Initializing VideoReceiver with config: port=5000, jitter_buffer_size=50
[+0.027s] [4e975] [logger.ixx:113] VideoReceiver initialized successfully
[+0.028s] [4e975] [logger.ixx:113] VideoReceiver started successfully on 0.0.0.0:5000
[+0.028s] [4e9a6] [logger.ixx:113] VideoReceiver thread started
[+0.028s] [4e975] [logger.ixx:113] VideoSender started successfully
[+0.028s] [4e9a7] [logger.ixx:113] VideoSender thread started
[+0.214s] [4e9a6] [logger.ixx:118] Error sending packet to decoder: -1094995529
[+0.290s] [4e9a6] [logger.ixx:118] Error sending packet to decoder: -1094995529
[+0.324s] [4e9a6] [logger.ixx:118] Error sending packet to decoder: -1094995529
[+5.951s] [4e9a6] [logger.ixx:118] Error sending packet to decoder: -1094995529
[+5.951s] [4e9a6] [logger.ixx:118] Error sending packet to decoder: -1094995529
[+11.344s] [4e975] [logger.ixx:113] Stopping VideoSender...
[+11.553s] [4e9a7] [logger.ixx:113] VideoSender thread stopped
[+11.554s] [4e975] [logger.ixx:113] VideoSender stopped. Final stats: frames=20, packets=169, bytes=41498, fps=1.74
[+11.554s] [4e975] [logger.ixx:113] Stopping VideoReceiver...
[+11.661s] [4e9a6] [logger.ixx:113] VideoReceiver thread stopped
[+11.662s] [4e975] [logger.ixx:113] VideoReceiver stopped. Final stats: frames=80, packets=162, loss=0.00%, fps=6.88
[+0.000s] [4ec8c] [logger.ixx:113] Initializing VideoSender with config: port=5000, fps=30, 1920x1080
[+0.012s] [4ec8c] [logger.ixx:113] VideoSender initialized successfully
[+0.012s] [4ec8c] [logger.ixx:113] Initializing VideoReceiver with config: port=5000, jitter_buffer_size=50
[+0.013s] [4ec8c] [logger.ixx:113] VideoReceiver initialized successfully
[+0.013s] [4ec8c] [logger.ixx:113] VideoReceiver started successfully on 0.0.0.0:5000
[+0.013s] [4ecbd] [logger.ixx:113] VideoReceiver thread started
[+0.014s] [4ec8c] [logger.ixx:113] VideoSender started successfully
[+0.014s] [4ecbe] [logger.ixx:113] VideoSender thread started
[+0.179s] [4ecbd] [logger.ixx:118] Error sending packet to decoder: -1094995529
[+0.180s] [4ecbd] [logger.ixx:118] Error sending packet to decoder: -1094995529
[+0.180s] [4ecbd] [logger.ixx:118] Error sending packet to decoder: -1094995529
[+2.087s] [4ecbd] [logger.ixx:118] Error sending packet to decoder: -1094995529
[+2.087s] [4ecbd] [logger.ixx:118] Error sending packet to decoder: -1094995529
[+3.986s] [4ecbd] [logger.ixx:118] Error sending packet to decoder: -1094995529
[+3.986s] [4ecbd] [logger.ixx:118] Error sending packet to decoder: -1094995529
[+6.454s] [4ecbd] [logger.ixx:118] Error sending packet to decoder: -1094995529
[+6.454s] [4ecbd] [logger.ixx:118] Error sending packet to decoder: -1094995529
[+6.781s] [4ec8c] [logger.ixx:113] Stopping VideoSender...
[+6.967s] [4ecbe] [logger.ixx:113] VideoSender thread stopped
[+6.995s] [4ec8c] [logger.ixx:113] VideoSender stopped. Final stats: frames=38, packets=353, bytes=99307, fps=5.47
[+6.995s] [4ec8c] [logger.ixx:113] Stopping VideoReceiver...
[+7.019s] [4ecbd] [logger.ixx:113] VideoReceiver thread stopped
[+7.019s] [4ec8c] [logger.ixx:113] VideoReceiver stopped. Final stats: frames=96, packets=313, loss=0.00%, fps=14.91
